select data.interview__id as data__interview_id , data.roster__vector as data__roster_vector , enablement.instance__state as enablement__instance__state
 from 
"qqqqqqqqqqqqqqqqqqqqqg$6_roster1" data 
    INNER JOIN "qqqqqqqqqqqqqqqqqqqqqg$6_roster1_e" enablement ON data.interview__id = enablement.interview__id
    AND data.roster__vector = enablement.roster__vector
WHERE data.interview__id = ANY(@ids)
ORDER BY data.roster__vector