select data."interview__id" as data__interview__id, data."mult1" as "data__mult1"
 from "u7u7u7u7u7u7u7u7u7u7uw$145_aaaaaaaaaaaaaaaaaaaaaaaaaaaaaaaa" data 
inner join "u7u7u7u7u7u7u7u7u7u7uw$145_aaaaaaaaaaaaaaaaaaaaaaaaaaaaaaaa_e" enablement 
 on data.interview__id = enablement.interview__id
 where data.interview__id = any(@ids) 
    and enablement."mult1" = TRUE 
     and data."mult1" is not null