select data.interview__id as data__interview_id ,  data."numeric1" as "data__numeric1" ,  enablement."gr1" as "enablement__gr1"
,  enablement."numeric1" as "enablement__numeric1" ,  enablement."cccccccc-cccc-cccc-cccc-cccccccccccc" as "enablement__cccccccc-cccc-cccc-cccc-cccccccccccc" ,  validity."numeric1" as "validity__numeric1" ,  validity."cccccccc-cccc-cccc-cccc-cccccccccccc" as "validity__cccccccc-cccc-cccc-cccc-cccccccccccc"  from 
"quest$6" data 
 INNER JOIN     "quest$6__e" enablement ON data.interview__id = enablement.interview__id
 INNER JOIN     "quest$6__v" validity ON data.interview__id = validity.interview__id
WHERE validity.interview__id = ANY(@ids)
