select data."interview__id" as data__interview__id, data."mult1" as "data__mult1", data.roster__vector as data__roster_vector
 from "questionnaire$145_rost" data 
inner join "questionnaire$145_rost__e" enablement 
 on data.interview__id = enablement.interview__id AND data.roster__vector = enablement.roster__vector

 where data.interview__id = any(@ids) 
    and enablement."mult1" = TRUE 
     and data."mult1" is not null