select  enablement.interview__id as data__interview_id,  enablement."gr1" as "enablement__gr1"
,  enablement."cccccccc-cccc-cccc-cccc-cccccccccccc" as "enablement__cccccccc-cccc-cccc-cccc-cccccccccccc" ,  validity."cccccccc-cccc-cccc-cccc-cccccccccccc" as "validity__cccccccc-cccc-cccc-cccc-cccccccccccc"  from 
    "qqqqqqqqqqqqqqqqqqqqqg$6_quest_e" enablement  INNER JOIN     "qqqqqqqqqqqqqqqqqqqqqg$6_quest_v" validity ON enablement.interview__id = validity.interview__id
WHERE validity.interview__id = ANY(@ids)
