select data.interview_id as data_interview_id, data.roster_vector as data_roster_vector,  data."num1" as "data_num1" ,  enablement."num1" as "enablement_num1" ,  validity."num1" as "validity_num1"  from 
"tenant"."qqqqqqqqqqqqqqqqqqqqqg$6_roster1" data 
    INNER JOIN "tenant"."qqqqqqqqqqqqqqqqqqqqqg$6_roster1_e" enablement ON data.interview_id = enablement.interview_id
    INNER JOIN "tenant"."qqqqqqqqqqqqqqqqqqqqqg$6_roster1_v" validity ON data.interview_id = validity.interview_id
 WHERE data.interview_id = ANY(@ids)