{
  "Id": "11111111-1111-1111-1111-111111111111",
  "CoverPage": {
    "Title": "Cover",
    "Children": [
      {
        "VariableName": "text_question_333333333333333333",
        "QuestionText": "Question Text test",
        "Id": "33333333-3333-3333-3333-333333333333",
        "Type": "TextQuestion"
      }
    ],
    "Id": "22222222-2222-2222-2222-222222222222",
    "Type": "CoverPage"
  },
  "Translations": {},
  "Title": "New Questionnaire",
  "VariableName": "Q"
}