CREATE SCHEMA IF NOT EXISTS "binary_tenantid"; COMMENT ON SCHEMA "binary_tenantid" IS 'binary';