clear
insheet using "questionnaire_var.tab", tab case names

label variable interview__id `"Unique 32-character long identifier of the interview"'

label variable interview__key `"Interview key (identifier in XX-XX-XX-XX format)"'

label variable assignment__id `"Assignment id (identifier in numeric format)"'

label variable sssys_irnd `"Random number in the range 0..1 associated with interview"'

label variable has__errors `"Errors count in the interview"'

label define interview__status 0 `"Restored"' 20 `"Created"' 40 `"SupervisorAssigned"' 60 `"InterviewerAssigned"' 65 `"RejectedBySupervisor"' 80 `"ReadyForInterview"' 85 `"SentToCapi"' 95 `"Restarted"' 100 `"Completed"' 120 `"ApprovedBySupervisor"' 125 `"RejectedByHeadquarters"' 130 `"ApprovedByHeadquarters"' -1 `"Deleted"' 
label values interview__status interview__status
label variable interview__status `"Status of the interview"'

label variable multiQuestion1__201 `"questionText #1:title #211"'

label variable multiQuestion1__202 `"questionText #1:title #212"'

label variable multiQuestion1__203 `"questionText #1:title #213"'

label variable multiQuestion1__204 `"questionText #1:title #214"'

label variable multiQuestion1__205 `"questionText #1:title #215"'
