DELETE FROM "fakeTableName1" WHERE interview__id = ANY(@interviewIds0);