UPDATE "fakeTableName1" SET "fakeColumnName1" = @answer1,"fakeColumnName2" = @answer2 WHERE interview__id = @interviewId AND roster__vector = @rosterVector;