INSERT INTO "fakeTableName1" (interview__id, roster__vector) VALUES(@interviewId1, @rosterVector1),(@interviewId2, @rosterVector2),(@interviewId3, @rosterVector3);