DELETE FROM "fakeTableName1" WHERE  (interview__id = @interviewId1 AND roster__vector = @rosterVector1) OR (interview__id = @interviewId2 AND roster__vector = @rosterVector2) OR (interview__id = @interviewId3 AND roster__vector = @rosterVector3) ;DELETE FROM "fakeTableName1" WHERE  (interview__id = @interviewId4 AND roster__vector = @rosterVector4) OR (interview__id = @interviewId5 AND roster__vector = @rosterVector5) OR (interview__id = @interviewId6 AND roster__vector = @rosterVector6) ;DELETE FROM "fakeTableName1" WHERE  (interview__id = @interviewId7 AND roster__vector = @rosterVector7) OR (interview__id = @interviewId8 AND roster__vector = @rosterVector8) OR (interview__id = @interviewId9 AND roster__vector = @rosterVector9) ;DELETE FROM "fakeTableName1" WHERE  (interview__id = @interviewId10 AND roster__vector = @rosterVector10) OR (interview__id = @interviewId11 AND roster__vector = @rosterVector11) OR (interview__id = @interviewId12 AND roster__vector = @rosterVector12) ;DELETE FROM "fakeTableName1" WHERE  (interview__id = @interviewId13 AND roster__vector = @rosterVector13) OR (interview__id = @interviewId14 AND roster__vector = @rosterVector14) OR (interview__id = @interviewId15 AND roster__vector = @rosterVector15) ;DELETE FROM "fakeTableName1" WHERE  (interview__id = @interviewId16 AND roster__vector = @rosterVector16) OR (interview__id = @interviewId17 AND roster__vector = @rosterVector17) OR (interview__id = @interviewId18 AND roster__vector = @rosterVector18) ;DELETE FROM "fakeTableName1" WHERE  (interview__id = @interviewId19 AND roster__vector = @rosterVector19) OR (interview__id = @interviewId20 AND roster__vector = @rosterVector20) ;