UPDATE "questionnaireVariable$17_roster1" SET "real_q" = @answer1 WHERE interview__id = @interviewId1 AND roster__vector = @rosterVector1;