INSERT INTO "questionnaireVariable$17_roster1" (interview__id, roster__vector) VALUES(@interviewId1, @rosterVector1) ON CONFLICT DO NOTHING;INSERT INTO "questionnaireVariable$17_roster1-e" (interview__id, roster__vector) VALUES(@interviewId3, @rosterVector3) ON CONFLICT DO NOTHING;INSERT INTO "questionnaireVariable$17_roster1-v" (interview__id, roster__vector) VALUES(@interviewId5, @rosterVector5) ON CONFLICT DO NOTHING;