UPDATE "questionnaireVariable$17" SET "int_q" = @answer1 WHERE interview__id = @interviewId1;