UPDATE "questionnaireVariable$17" SET "text_q" = @answer1 WHERE interview__id = @interviewId1;