UPDATE "questionnaireVariable$17" SET "double_variabe" = @answer1 WHERE interview__id = @interviewId1;