UPDATE "questionnaireVariable$17-e" SET "int_q" = @answer1 WHERE interview__id = @interviewId1 AND roster__vector = @rosterVector1;