UPDATE "questionnaireVariable$17" SET "long_variabe" = @answer1 WHERE interview__id = @interviewId1;