clear
insheet using "questionnaire_var.tab", tab case names

label variable interview__id `"Unique 32-character long identifier of the interview"'

label variable interview__key `"Interview key (identifier in XX-XX-XX-XX format)"'

label variable assignment__id `"Assignment id (identifier in numeric format)"'

label variable sssys_irnd `"Random number in the range 0..1 associated with interview"'

label variable has__errors `"Errors count in the interview"'

label define interview__status 0 `"Restored"' 20 `"Created"' 40 `"SupervisorAssigned"' 60 `"InterviewerAssigned"' 65 `"RejectedBySupervisor"' 80 `"ReadyForInterview"' 85 `"SentToCapi"' 95 `"Restarted"' 100 `"Completed"' 120 `"ApprovedBySupervisor"' 125 `"RejectedByHeadquarters"' 130 `"ApprovedByHeadquarters"' -1 `"Deleted"' 
label values interview__status interview__status
label variable interview__status `"Status of the interview"'

label variable textListQuestion1__0 `"questionText #1:0"'

label variable textListQuestion1__1 `"questionText #1:1"'

label variable textListQuestion1__2 `"questionText #1:2"'

label variable textListQuestion1__3 `"questionText #1:3"'

label variable textListQuestion1__4 `"questionText #1:4"'

label variable textListQuestion1__5 `"questionText #1:5"'

label variable textListQuestion1__6 `"questionText #1:6"'

label variable textListQuestion1__7 `"questionText #1:7"'

label variable textListQuestion1__8 `"questionText #1:8"'

label variable textListQuestion1__9 `"questionText #1:9"'

label variable textListQuestion2__0 `"variable Label #22:0"'

label variable textListQuestion2__1 `"variable Label #22:1"'

label variable textListQuestion2__2 `"variable Label #22:2"'

label variable textListQuestion2__3 `"variable Label #22:3"'

label variable textListQuestion2__4 `"variable Label #22:4"'
