clear
insheet using "questionnaire_var.tab", tab case names

label define multiQuestion1 101 `"title #111"' 102 `"title #112"' 103 `"title #113"' 104 `"title #114"' 105 `"title #115"' 

label variable interview__id `"Unique 32-character long identifier of the interview"'

label variable interview__key `"Interview key (identifier in XX-XX-XX-XX format)"'

label variable sssys_irnd `"Random number in the range 0..1 associated with interview"'

label variable has__errors `"Errors count in the interview"'

label define interview__status 0 `"Restored"' 20 `"Created"' 40 `"SupervisorAssigned"' 60 `"InterviewerAssigned"' 65 `"RejectedBySupervisor"' 80 `"ReadyForInterview"' 85 `"SentToCapi"' 95 `"Restarted"' 100 `"Completed"' 120 `"ApprovedBySupervisor"' 125 `"RejectedByHeadquarters"' 130 `"ApprovedByHeadquarters"' -1 `"Deleted"' 
label values interview__status interview__status
label variable interview__status `"Status of the interview"'

label values multiQuestion1__0 multiQuestion1
label variable multiQuestion1__0 `"questionText #1:0"'

label values multiQuestion1__1 multiQuestion1
label variable multiQuestion1__1 `"questionText #1:1"'

label values multiQuestion1__2 multiQuestion1
label variable multiQuestion1__2 `"questionText #1:2"'

label values multiQuestion1__3 multiQuestion1
label variable multiQuestion1__3 `"questionText #1:3"'

label values multiQuestion1__4 multiQuestion1
label variable multiQuestion1__4 `"questionText #1:4"'
