clear
insheet using "questionnaire_var.tab", tab case names

label define reusableCategory1 201 `"title #211"' 202 `"title #212"' 203 `"title #213"' 204 `"title #214"' 205 `"title #215"' 

label define multiQuestion2 101 `"title #111"' 102 `"title #112"' 103 `"title #113"' 104 `"title #114"' 105 `"title #115"' 

label variable interview__id `"Unique 32-character long identifier of the interview"'

label variable interview__key `"Interview key (identifier in XX-XX-XX-XX format)"'

label variable sssys_irnd `"Random number in the range 0..1 associated with interview"'

label variable has__errors `"Errors count in the interview"'

label define interview__status 0 `"Restored"' 20 `"Created"' 40 `"SupervisorAssigned"' 60 `"InterviewerAssigned"' 65 `"RejectedBySupervisor"' 80 `"ReadyForInterview"' 85 `"SentToCapi"' 95 `"Restarted"' 100 `"Completed"' 120 `"ApprovedBySupervisor"' 125 `"RejectedByHeadquarters"' 130 `"ApprovedByHeadquarters"' -1 `"Deleted"' 
label values interview__status interview__status
label variable interview__status `"Status of the interview"'

label values singleQuestion1 reusableCategory1
label variable singleQuestion1 `"questionText #1"'

label define singleQuestion2 101 `"title #111"' 102 `"title #112"' 103 `"title #113"' 104 `"title #114"' 105 `"title #115"' 
label values singleQuestion2 singleQuestion2
label variable singleQuestion2 `"questionText #2"'

label variable filteredQuestion1__201 `"questionText #3:title #211"'

label variable filteredQuestion1__202 `"questionText #3:title #212"'

label variable filteredQuestion1__203 `"questionText #3:title #213"'

label variable filteredQuestion1__204 `"questionText #3:title #214"'

label variable filteredQuestion1__205 `"questionText #3:title #215"'

label variable filteredQuestion2__101 `"questionText #4:title #111"'

label variable filteredQuestion2__102 `"questionText #4:title #112"'

label variable filteredQuestion2__103 `"questionText #4:title #113"'

label variable filteredQuestion2__104 `"questionText #4:title #114"'

label variable filteredQuestion2__105 `"questionText #4:title #115"'

label values multiQuestion1__0 reusableCategory1
label variable multiQuestion1__0 `"questionText #5:0"'

label values multiQuestion1__1 reusableCategory1
label variable multiQuestion1__1 `"questionText #5:1"'

label values multiQuestion1__2 reusableCategory1
label variable multiQuestion1__2 `"questionText #5:2"'

label values multiQuestion1__3 reusableCategory1
label variable multiQuestion1__3 `"questionText #5:3"'

label values multiQuestion1__4 reusableCategory1
label variable multiQuestion1__4 `"questionText #5:4"'

label values multiQuestion2__0 multiQuestion2
label variable multiQuestion2__0 `"questionText #6:0"'

label values multiQuestion2__1 multiQuestion2
label variable multiQuestion2__1 `"questionText #6:1"'

label values multiQuestion2__2 multiQuestion2
label variable multiQuestion2__2 `"questionText #6:2"'

label values multiQuestion2__3 multiQuestion2
label variable multiQuestion2__3 `"questionText #6:3"'

label values multiQuestion2__4 multiQuestion2
label variable multiQuestion2__4 `"questionText #6:4"'
